// Jest Snapshot v1, https://goo.gl/fbAQLP

exports[`default test renders correctly 1`] = `
<div>
  <div
    class="Navcrumbs-wrapper-1"
  >
    <p
      data-testid="crumbTrail"
    >
      Home &gt; Refreshrs
    </p>
  </div>
</div>
`;
